// Jest Snapshot v1, https://goo.gl/fbAQLP

exports[`should render 1`] = `
.c0 {
  position: relative;
  border-radius: 10px;
  width: 100%;
  white-space: normal;
  -webkit-scroll-snap-align: center;
  -moz-scroll-snap-align: center;
  -ms-scroll-snap-align: center;
  scroll-snap-align: center;
  margin: 0px;
  overflow: hidden;
  height: 180px;
}

.c1 {
  max-width: 100%;
  height: auto;
  border-radius: 10px;
  width: 100%;
}

.c2 {
  position: absolute;
  top: 0;
  right: 0;
  bottom: 0;
  left: 0;
  background: rgba(0,172,193,0.7);
  border-radius: 10px;
  font-family: SFProText-Regular;
  font-size: 16px;
  color: #fff;
  padding: 16px 30px;
  -webkit-align-items: flex-end;
  -webkit-box-align: flex-end;
  -ms-flex-align: flex-end;
  align-items: flex-end;
  display: -webkit-box;
  display: -webkit-flex;
  display: -ms-flexbox;
  display: flex;
}

.c3 {
  font-family: SFProText-Regular;
  font-size: 26px;
  color: #fff;
  margin-bottom: 7px;
}

<div>
  <figure
    class="c0"
  >
    <div
      style="display: inline-block; max-width: 100%; overflow: hidden; position: relative; box-sizing: border-box; margin: 0px;"
    >
      <div
        style="box-sizing: border-box; display: block; max-width: 100%;"
      >
        <img
          alt=""
          aria-hidden="true"
          role="presentation"
          src="data:image/svg+xml;base64,PHN2ZyB3aWR0aD0iMzYwIiBoZWlnaHQ9IjE4MCIgeG1sbnM9Imh0dHA6Ly93d3cudzMub3JnLzIwMDAvc3ZnIiB2ZXJzaW9uPSIxLjEiLz4="
          style="max-width: 100%; display: block; margin: 0px; padding: 0px;"
        />
      </div>
      <img
        alt="title"
        class="c1"
        decoding="async"
        role="presentation"
        src="data:image/gif;base64,R0lGODlhAQABAIAAAAAAAP///yH5BAEAAAAALAAAAAABAAEAAAIBRAA7"
        style="visibility: hidden; position: absolute; top: 0px; left: 0px; bottom: 0px; right: 0px; box-sizing: border-box; padding: 0px; margin: auto; display: block; width: 0px; height: 0px; min-width: 100%; max-width: 100%; min-height: 100%; max-height: 100%;"
      />
    </div>
    <div
      class="c2"
    >
      <div>
        <h3
          class="c3"
        >
          title
        </h3>
        <p>
          subtitle
        </p>
      </div>
    </div>
  </figure>
</div>
`;
